// Jest Snapshot v1, https://goo.gl/fbAQLP

exports[`SearchResultsContainer should match the snapshot 1`] = `
<div
  className="search-result-wrapper"
  id="search-results"
  onBlur={[MockFunction]}
  tabIndex={0}
>
  <div
    className="search-result-header"
  >
    <p>
      Search Results
    </p>
    <button
      aria-label="close search results"
      className="icon-button"
      onClick={[Function]}
    >
      <i
        className="fas fa-times"
      />
    </button>
  </div>
  <div>
    Results
  </div>
</div>
`;
